# serializer version: 1
# name: test_add_function
  2
# ---
# name: test_add_function.1
  3
# ---
# name: test_add_function.10
  6
# ---
# name: test_add_function.11
  6
# ---
# name: test_add_function.12
  7
# ---
# name: test_add_function.13
  7
# ---
# name: test_add_function.14
  8
# ---
# name: test_add_function.15
  5
# ---
# name: test_add_function.16
  6
# ---
# name: test_add_function.17
  7
# ---
# name: test_add_function.18
  8
# ---
# name: test_add_function.19
  9
# ---
# name: test_add_function.2
  4
# ---
# name: test_add_function.20
  6
# ---
# name: test_add_function.21
  7
# ---
# name: test_add_function.22
  8
# ---
# name: test_add_function.23
  9
# ---
# name: test_add_function.24
  10
# ---
# name: test_add_function.3
  3
# ---
# name: test_add_function.4
  4
# ---
# name: test_add_function.5
  5
# ---
# name: test_add_function.6
  4
# ---
# name: test_add_function.7
  5
# ---
# name: test_add_function.8
  6
# ---
# name: test_add_function.9
  5
# ---
# name: test_subtract_function
  0
# ---
# name: test_subtract_function.1
  -1
# ---
# name: test_subtract_function.10
  -4
# ---
# name: test_subtract_function.11
  -2
# ---
# name: test_subtract_function.12
  -3
# ---
# name: test_subtract_function.13
  -1
# ---
# name: test_subtract_function.14
  -2
# ---
# name: test_subtract_function.15
  3
# ---
# name: test_subtract_function.16
  2
# ---
# name: test_subtract_function.17
  1
# ---
# name: test_subtract_function.18
  0
# ---
# name: test_subtract_function.19
  -1
# ---
# name: test_subtract_function.2
  -2
# ---
# name: test_subtract_function.20
  4
# ---
# name: test_subtract_function.21
  3
# ---
# name: test_subtract_function.22
  2
# ---
# name: test_subtract_function.23
  1
# ---
# name: test_subtract_function.24
  0
# ---
# name: test_subtract_function.3
  1
# ---
# name: test_subtract_function.4
  0
# ---
# name: test_subtract_function.5
  -1
# ---
# name: test_subtract_function.6
  2
# ---
# name: test_subtract_function.7
  1
# ---
# name: test_subtract_function.8
  0
# ---
# name: test_subtract_function.9
  -3
# ---
